[ScmPair
  (ScmSymbol "unquote-splicing",
   ScmPair (ScmString "String with unquote splicing", ScmNil))]