[ScmPair
  (ScmSymbol "unquote-splicing",
   ScmPair (ScmNumber (ScmRational (1, 5)), ScmNil))]