[ScmPair
  (ScmChar 'c',
   ScmPair
    (ScmNumber (ScmReal 37392.39382),
     ScmPair (ScmNumber (ScmRational (37392, 1)), ScmString "that")))]