[ScmPair
  (ScmSymbol "format",
   ScmPair (ScmString "~a", ScmPair (ScmNumber (ScmRational (2, 1)), ScmNil)))]