[ScmPair
  (ScmSymbol "format",
   ScmPair (ScmString "~a", ScmPair (ScmString "hell", ScmNil)))]