[ScmPair
  (ScmSymbol "string-append",
   ScmPair
    (ScmString "the awnser to life the universe and everything ",
     ScmPair
      (ScmPair
        (ScmSymbol "format",
         ScmPair
          (ScmString "~a",
           ScmPair
            (ScmPair
              (ScmSymbol "*",
               ScmPair
                (ScmNumber (ScmRational (7, 1)),
                 ScmPair (ScmNumber (ScmRational (6, 1)), ScmNil))),
             ScmNil))),
       ScmNil)))]