[ScmVector [ScmNumber (ScmRational (42, 1)); ScmNumber (ScmRational (42, 1))]]