[ScmVector [ScmSymbol "a"; ScmSymbol "b"; ScmSymbol "c"]]