[ScmNumber (ScmRational (1, 1)); ScmNumber (ScmRational (2, 1))]