[ScmNumber (ScmReal 0.1); ScmNumber (ScmReal 0.2)]