[ScmPair (ScmNumber (ScmReal 1.2), ScmNumber (ScmRational (3, 1)))]