[ScmPair
  (ScmSymbol "a", ScmPair (ScmSymbol "b", ScmPair (ScmSymbol "c", ScmNil)))]