[ScmPair (ScmSymbol "a", ScmPair (ScmSymbol "b", ScmSymbol "c"))]