[ScmPair
  (ScmSymbol "a",
   ScmPair
    (ScmSymbol "b",
     ScmPair (ScmSymbol "c", ScmPair (ScmSymbol "d", ScmSymbol "e"))))]