[ScmPair (ScmSymbol "quote", ScmPair (ScmSymbol "a", ScmNil))]