[ScmPair
  (ScmSymbol "unquote-splicing",
   ScmPair (ScmNumber (ScmRational (123, 1)), ScmNil))]