[ScmPair
  (ScmSymbol "quote",
   ScmPair
    (ScmPair
      (ScmChar 'P',
       ScmPair
        (ScmNumber (ScmReal 2020.2),
         ScmPair
          (ScmNumber (ScmRational (2020, 1)),
           ScmPair (ScmString "COVID19", ScmBoolean true)))),
     ScmNil))]