[ScmPair (ScmSymbol "quote", ScmPair (ScmNumber (ScmReal 10.99), ScmNil))]