[ScmPair (ScmSymbol "quote", ScmPair (ScmNil, ScmNil))]