[ScmPair
  (ScmSymbol "unquote",
   ScmPair (ScmString "This is a string with \n ", ScmNil))]