[ScmPair
  (ScmSymbol "unquote",
   ScmPair
    (ScmPair (ScmChar 'c', ScmNumber (ScmRational (303030, 1))), ScmNil))]