[ScmPair
  (ScmSymbol "unquote",
   ScmPair (ScmPair (ScmBoolean true, ScmBoolean false), ScmNil))]