[ScmPair (ScmSymbol "quasiquote", ScmPair (ScmChar '\n', ScmNil))]