[ScmPair (ScmSymbol "quasiquote", ScmPair (ScmChar '\t', ScmNil))]