[ScmPair
  (ScmSymbol "unquote-splicing",
   ScmPair (ScmNumber (ScmRational (4, 1)), ScmNil))]