[ScmPair
  (ScmSymbol "unquote-splicing",
   ScmPair (ScmString "This is a string with unquote splicing \n ", ScmNil))]