[ScmPair
  (ScmSymbol "unquote-splicing", ScmPair (ScmSymbol "abcdefgh", ScmNil))]