[ScmPair
  (ScmSymbol "unquote-splicing",
   ScmPair (ScmPair (ScmBoolean false, ScmSymbol "ababab"), ScmNil))]