[ScmPair (ScmChar 'a', ScmPair (ScmNumber (ScmReal 555.555), ScmNil))]